node : D:\Apps\Loop Doc Ma
nager\backend\node_modules
\router\index.js:385
At line:1 char:1
+ node app.js > 
error_log.txt 2>&1
+ ~~~~~~~~~~~~~~~~~~~~~~~~
~~~~~~~~
    + CategoryInfo        
      : NotSpecified: (D  
  :\Apps\Loop Do...er\i   
 ndex.js:385:String) [    
], RemoteException
    + FullyQualifiedError 
   Id : NativeCommandErr  
  or
 
    throw new 
TypeError('argument 
handler is required')
    ^

TypeError: argument 
handler is required
    at router.use 
(D:\Apps\Loop Doc Manager\
backend\node_modules\route
r\index.js:385:11)
    at Object.<anonymous> 
(D:\Apps\Loop Doc Manager\
backend\routes\service.rou
tes.js:9:8)
    at Module._compile (no
de:internal/modules/cjs/lo
ader:1812:14)
    at Object..js (node:in
ternal/modules/cjs/loader:
1943:10)
    at Module.load (node:i
nternal/modules/cjs/loader
:1533:32)
    at Module._load (node:
internal/modules/cjs/loade
r:1335:12)
    at wrapModuleLoad (nod
e:internal/modules/cjs/loa
der:255:19)
    at Module.require (nod
e:internal/modules/cjs/loa
der:1556:12)
    at require (node:inter
nal/modules/helpers:152:16
)
    at Object.<anonymous> 
(D:\Apps\Loop Doc Manager\
backend\app.js:12:23)

Node.js v24.14.0
